Dump	switch_info:
Dump	nil
Dump	table items list:
Return	[]
Dump	---------
Dump	switch_info:
Dump	$[]
Dump	table items list:
Return	[]
Dump	---------
Dump	switch_info:
Dump	$["modified_resources":[$["is_deleted":true, "is_new":false, "resource_name":"/etc/X11/XF86Config", "resource_type":"file", "save":true], $["is_deleted":false, "is_new":true, "resource_name":"sendmail", "resource_type":"service", "save":false], $["is_deleted":false, "is_new":false, "resource_name":"/ets/fstab", "resource_type":"file", "save":true]], "profile_modified":true, "profile_name":"home"]
Dump	table items list:
Return	[`item (`id (0), "X", "DELETED", "/etc/X11/XF86Config", "file"), `item (`id (1), "", "NEW", "sendmail", "service"), `item (`id (2), "X", "", "/ets/fstab", "file")]
