Dump	profiles:
Dump	$[]
Dump	table items list:
Return	[]
Dump	profiles:
Dump	$["default":"default profile description", "home":"My private configuration", "train":"Maximum power savings"]
Dump	active profile:
Dump	default
Dump	table items list:
Return	[`item (`id ("default"), "---->", "default", "default profile description"), `item (`id ("home"), "", "home", "My private configuration"), `item (`id ("train"), "", "train", "Maximum power savings")]
